
Untracked files:
  (use "git add <file>..." to include in what will be committed)
	text.txt

nothing added to commit but untracked files present (use "git add" to track)
angryelizar@MacBook-Air-angryelizar lesson25 % git add text.txt 
angryelizar@MacBook-Air-angryelizar lesson25 % git status
On branch main

No commits yet

Changes to be committed:
  (use "git rm --cached <file>..." to unstage)
	new file:   text.txt

angryelizar@MacBook-Air-angryelizar lesson25 % git commit -m "adde file test.txt"
[main (root-commit) 24da35f] adde file test.txt
 1 file changed, 0 insertions(+), 0 deletions(-)
 create mode 100644 text.txt
angryelizar@MacBook-Air-angryelizar lesson25 %  
angryelizar@MacBook-Air-angryelizar lesson25 % clear

angryelizar@MacBook-Air-angryelizar lesson25 % git status
On branch main
nothing to commit, working tree clean
angryelizar@MacBook-Air-angryelizar lesson25 % ls -lah
total 0
drwxr-xr-x@  4 angryelizar  staff   128B Dec  5 20:04 .
drwxr-xr-x   4 angryelizar  staff   128B Dec  5 19:57 ..
drwxr-xr-x  12 angryelizar  staff   384B Dec  5 20:13 .git
-rw-r--r--   1 angryelizar  staff     0B Dec  5 20:04 text.txt
angryelizar@MacBook-Air-angryelizar lesson25 % nano test.txt














  UW PICO 5.09                         File: test.txt                           

hello world


















                                [ Wrote 1 line ]                                
^G Get Help  ^O WriteOut  ^R Read File ^Y Prev Pg   ^K Cut Text  ^C Cur Pos   
^X Exit      ^J Justify   ^W Where is  ^V Next Pg   ^U UnCut Text^T To Spell  
